// Vitest Snapshot v1, https://vitest.dev/guide/snapshot.html

exports[`passive tree invariants (§9.3) > is deterministic and pinned (snapshot) 1`] = `
{
  "edges": 2095,
  "keystones": [
    {
      "id": 46,
      "name": "Crimson Pact",
      "x": 370,
      "y": -641,
    },
    {
      "id": 49,
      "name": "Pain Conduit",
      "x": 370,
      "y": 641,
    },
    {
      "id": 52,
      "name": "Strongarm",
      "x": -740,
      "y": 0,
    },
    {
      "id": 140,
      "name": "Mind Bulwark",
      "x": 258,
      "y": -2134,
    },
    {
      "id": 191,
      "name": "Mana Bastion",
      "x": 232,
      "y": -2560,
    },
    {
      "id": 251,
      "name": "Fever Pitch",
      "x": 80,
      "y": -2989,
    },
    {
      "id": 317,
      "name": "Volatile Servants",
      "x": 246,
      "y": -3401,
    },
    {
      "id": 401,
      "name": "Cruel Agony",
      "x": 1978,
      "y": -844,
    },
    {
      "id": 446,
      "name": "Shade Leech",
      "x": 2333,
      "y": -1079,
    },
    {
      "id": 510,
      "name": "Hollow Vessel",
      "x": 2628,
      "y": -1425,
    },
    {
      "id": 581,
      "name": "Spellslip",
      "x": 3069,
      "y": -1487,
    },
    {
      "id": 668,
      "name": "Close Quarters",
      "x": 1719,
      "y": 1291,
    },
    {
      "id": 714,
      "name": "Arrow Weave",
      "x": 2101,
      "y": 1481,
    },
    {
      "id": 774,
      "name": "Steady Draw",
      "x": 2548,
      "y": 1564,
    },
    {
      "id": 842,
      "name": "Nimble Gambit",
      "x": 2822,
      "y": 1914,
    },
    {
      "id": 914,
      "name": "Plated Hide",
      "x": -78,
      "y": 1938,
    },
    {
      "id": 955,
      "name": "Wound Dance",
      "x": 81,
      "y": 2359,
    },
    {
      "id": 1013,
      "name": "Shieldwall",
      "x": -84,
      "y": 2779,
    },
    {
      "id": 1066,
      "name": "Lone Vow",
      "x": -77,
      "y": 3199,
    },
    {
      "id": 1117,
      "name": "Blood Rite",
      "x": -1538,
      "y": 792,
    },
    {
      "id": 1160,
      "name": "Unerring Discipline",
      "x": -1978,
      "y": 844,
    },
    {
      "id": 1214,
      "name": "Rooted Stance",
      "x": -2333,
      "y": 1079,
    },
    {
      "id": 1265,
      "name": "Idle Hands",
      "x": -2628,
      "y": 1425,
    },
    {
      "id": 1330,
      "name": "Searing Avatar",
      "x": -1640,
      "y": -1037,
    },
    {
      "id": 1375,
      "name": "Prismatic Balance",
      "x": -2083,
      "y": -1109,
    },
    {
      "id": 1432,
      "name": "Living Ward",
      "x": -2365,
      "y": -1462,
    },
    {
      "id": 1479,
      "name": "Sigil Warden",
      "x": -2732,
      "y": -1666,
    },
  ],
  "nodes": 1708,
}
`;
