// Vitest Snapshot v1, https://vitest.dev/guide/snapshot.html

exports[`passive tree invariants (§9.3) > is deterministic and pinned (snapshot) 1`] = `
{
  "edges": 1974,
  "keystones": [
    {
      "id": 46,
      "name": "Crimson Pact",
      "x": 370,
      "y": -641,
    },
    {
      "id": 49,
      "name": "Pain Conduit",
      "x": 370,
      "y": 641,
    },
    {
      "id": 52,
      "name": "Strongarm",
      "x": -740,
      "y": 0,
    },
    {
      "id": 129,
      "name": "Mind Bulwark",
      "x": 282,
      "y": -2333,
    },
    {
      "id": 177,
      "name": "Mana Bastion",
      "x": 97,
      "y": -2828,
    },
    {
      "id": 238,
      "name": "Fever Pitch",
      "x": 89,
      "y": -3309,
    },
    {
      "id": 317,
      "name": "Volatile Servants",
      "x": 274,
      "y": -3780,
    },
    {
      "id": 391,
      "name": "Cruel Agony",
      "x": 2162,
      "y": -922,
    },
    {
      "id": 433,
      "name": "Shade Leech",
      "x": 2498,
      "y": -1330,
    },
    {
      "id": 494,
      "name": "Hollow Vessel",
      "x": 2910,
      "y": -1578,
    },
    {
      "id": 571,
      "name": "Spellslip",
      "x": 3410,
      "y": -1653,
    },
    {
      "id": 659,
      "name": "Close Quarters",
      "x": 1879,
      "y": 1411,
    },
    {
      "id": 702,
      "name": "Arrow Weave",
      "x": 2401,
      "y": 1498,
    },
    {
      "id": 758,
      "name": "Steady Draw",
      "x": 2821,
      "y": 1731,
    },
    {
      "id": 838,
      "name": "Nimble Gambit",
      "x": 3137,
      "y": 2127,
    },
    {
      "id": 902,
      "name": "Plated Hide",
      "x": 102,
      "y": 2108,
    },
    {
      "id": 943,
      "name": "Wound Dance",
      "x": 89,
      "y": 2588,
    },
    {
      "id": 1001,
      "name": "Shieldwall",
      "x": -92,
      "y": 3069,
    },
    {
      "id": 1066,
      "name": "Lone Vow",
      "x": 95,
      "y": 3549,
    },
    {
      "id": 1110,
      "name": "Blood Rite",
      "x": -1663,
      "y": 856,
    },
    {
      "id": 1148,
      "name": "Unerring Discipline",
      "x": -2162,
      "y": 922,
    },
    {
      "id": 1197,
      "name": "Rooted Stance",
      "x": -2498,
      "y": 1330,
    },
    {
      "id": 1261,
      "name": "Idle Hands",
      "x": -2910,
      "y": 1578,
    },
    {
      "id": 1321,
      "name": "Searing Avatar",
      "x": -1876,
      "y": -966,
    },
    {
      "id": 1362,
      "name": "Prismatic Balance",
      "x": -2286,
      "y": -1217,
    },
    {
      "id": 1419,
      "name": "Living Ward",
      "x": -2611,
      "y": -1614,
    },
    {
      "id": 1475,
      "name": "Sigil Warden",
      "x": -3121,
      "y": -1692,
    },
  ],
  "nodes": 1727,
}
`;
